---
source: coalesced_derive/src/construction.rs
assertion_line: 37
expression: formatted
---
pub trait Coalesce: Sized + Semigroup {
    fn coalesce(self, other: Self) -> Self {
        ::coalesced::Semigroup::semigroup_op(self, other)
    }
}
impl<T> Coalesce for Coalesced<T> {}
impl<T> Coalesce for ::coalesced::Reversed<Coalesced<T>> {}
impl<T, A> Coalesce for ::coalesced::Annotated<Coalesced<T>, A> {}
impl<T, A> Coalesce for ::coalesced::Reversed<::coalesced::Annotated<Coalesced<T>, A>> {}
impl<T> ::coalesced::Semigroup for Coalesced<T> {
    fn semigroup_op(base: Self, other: Self) -> Self {
        Self::default_semigroup_op(base, other, (), ())
    }
}
impl<T> From<Option<T>> for Coalesced<T> {
    fn from(value: Option<T>) -> Self {
        Coalesced(value)
    }
}
impl<T> std::ops::Deref for Coalesced<T> {
    type Target = Option<T>;
    fn deref(&self) -> &Self::Target {
        &self.0
    }
}
impl<T> std::ops::DerefMut for Coalesced<T> {
    fn deref_mut(&mut self) -> &mut Self::Target {
        &mut self.0
    }
}
impl<T> Coalesced<T> {
    pub fn into_inner(self) -> Option<T> {
        self.0
    }
}
