---
source: coalesced_derive/src/construction/gen.rs
assertion_line: 53
expression: formatted
---
pub trait Coalesce: Sized + Semigroup {
    fn coalesce(self, other: Self) -> Self {
        Semigroup::semigroup_op(self, other)
    }
}
impl<T> Coalesce for Coalesced<T> {}
impl<T> Coalesce for Reversed<Coalesced<T>> {}
impl<T> From<Option<T>> for Coalesced<T> {
    fn from(value: Option<T>) -> Self {
        Coalesced(value)
    }
}
impl<T> Coalesced<T> {
    pub fn into_inner(self) -> Option<T> {
        self.0
    }
}
impl<T> std::ops::Deref for Coalesced<T> {
    type Target = Option<T>;
    fn deref(&self) -> &Self::Target {
        &self.0
    }
}
impl<T> std::ops::DerefMut for Coalesced<T> {
    fn deref_mut(&mut self) -> &mut Self::Target {
        &mut self.0
    }
}
